
#0 building with "desktop-linux" instance using docker driver

#1 [internal] load build definition from Dockerfile
#1 transferring dockerfile: 156B 0.0s done
#1 DONE 0.0s

#2 [internal] load metadata for docker.io/library/python:3.11
#2 DONE 1.4s

#3 [internal] load .dockerignore
#3 transferring context: 2B done
#3 DONE 0.0s

#4 [internal] load build context
#4 transferring context: 9.60kB done
#4 DONE 0.0s

#5 [1/3] FROM docker.io/library/python:3.11@sha256:c6f8471e0e7aa5500c1969b3b2ffb20708c42a3bc79b697feab146edfc9eac16
#5 resolve docker.io/library/python:3.11@sha256:c6f8471e0e7aa5500c1969b3b2ffb20708c42a3bc79b697feab146edfc9eac16 0.1s done
#5 DONE 0.1s

#5 [1/3] FROM docker.io/library/python:3.11@sha256:c6f8471e0e7aa5500c1969b3b2ffb20708c42a3bc79b697feab146edfc9eac16
#5 DONE 0.1s

#6 [2/3] WORKDIR /workspace
#6 CACHED

#7 [3/3] COPY . /workspace
#7 CACHED

#8 exporting to image
#8 exporting layers done
#8 exporting manifest sha256:526377584a1660e9075fee454ee35deeb99d983ee9090fa76a1bb7594bc947d6 done
#8 exporting config sha256:f934283fb52e4d2ce103f91cefcb0f8f1ef7fd2f445b3ea86c85e1294f701ed4 done
#8 exporting attestation manifest sha256:1a0ca3b0f7989434a11fd965a77a39da66dc014efdec486a6bdc475345a39827
#8 exporting attestation manifest sha256:1a0ca3b0f7989434a11fd965a77a39da66dc014efdec486a6bdc475345a39827 0.1s done
#8 exporting manifest list sha256:1fee0dc21eedaedf5e2d105517b3e943d59112baeac10596330d4134e282ac80 0.0s done
#8 naming to docker.io/library/code-generation-eval:case001
#8 naming to docker.io/library/code-generation-eval:case001 done
#8 unpacking to docker.io/library/code-generation-eval:case001 0.0s done
#8 DONE 0.3s

View build details: docker-desktop://dashboard/build/desktop-linux/desktop-linux/gdynzxn00cgoz6c4uxlvby8zl
