[evaluation] compile phase
[evaluation] test phase
[test_runner stdout]
  [test_runner] running 11 test(s)...
    [sort_basic_unsorted] running: /usr/local/bin/python3 /workspace/tests/test_01.py
    [sort_basic_unsorted] PASS
    [sort_empty_input] running: /usr/local/bin/python3 /workspace/tests/test_02.py
    [sort_empty_input] PASS
    [sort_input_unchanged] running: /usr/local/bin/python3 /workspace/tests/test_03.py
    [sort_input_unchanged] PASS
    [sort_new_object] running: /usr/local/bin/python3 /workspace/tests/test_04.py
    [sort_new_object] PASS
    [sort_type_hints] running: /usr/local/bin/python3 /workspace/tests/test_05.py
    [sort_type_hints] PASS
    [basic_normal] running: /usr/local/bin/python3 /workspace/tests/test_06.py
    [basic_normal] PASS
    [boundary_empty] running: /usr/local/bin/python3 /workspace/tests/test_07.py
    [boundary_empty] PASS
    [boundary_single_element] running: /usr/local/bin/python3 /workspace/tests/test_08.py
    [boundary_single_element] PASS
    [edge_duplicates] running: /usr/local/bin/python3 /workspace/tests/test_09.py
    [edge_duplicates] PASS
    [edge_negative_and_zero] running: /usr/local/bin/python3 /workspace/tests/test_10.py
    [edge_negative_and_zero] PASS
    [complex_large] running: /usr/local/bin/python3 /workspace/tests/test_11.py
    [complex_large] PASS
  [test_runner] 11/11 passed
[evaluation] results: 11 passed, 0 failed, 11 total
  [PASS] basic_normal
  [PASS] boundary_empty
  [PASS] boundary_single_element
  [PASS] complex_large
  [PASS] edge_duplicates
  [PASS] edge_negative_and_zero
  [PASS] sort_basic_unsorted
  [PASS] sort_empty_input
  [PASS] sort_input_unchanged
  [PASS] sort_new_object
  [PASS] sort_type_hints
