
#0 building with "desktop-linux" instance using docker driver

#1 [internal] load build definition from Dockerfile
#1 transferring dockerfile: 156B done
#1 DONE 0.0s

#2 [internal] load metadata for docker.io/library/python:3.11
#2 DONE 0.7s

#3 [internal] load .dockerignore
#3 transferring context: 2B done
#3 DONE 0.0s

#4 [internal] load build context
#4 transferring context: 34.36kB 0.0s done
#4 DONE 0.0s

#5 [1/3] FROM docker.io/library/python:3.11@sha256:f720aacbc5a2f0c11dd567991cd58975b41481905c14f618a455f1c66a691eb8
#5 resolve docker.io/library/python:3.11@sha256:f720aacbc5a2f0c11dd567991cd58975b41481905c14f618a455f1c66a691eb8 0.1s done
#5 DONE 0.1s

#6 [2/3] WORKDIR /workspace
#6 CACHED

#7 [3/3] COPY . /workspace
#7 DONE 0.1s

#8 exporting to image
#8 exporting layers
#8 exporting layers 0.2s done
#8 exporting manifest sha256:3572c4e13edf460887d3b57ea71556e7550d124e38c5f474e37fefaeb2d6ae40 0.0s done
#8 exporting config sha256:1dd8e0b3dd5ba7e48d7bd3b4f9698edb92d4cfc77fb95fc606d56c057d577657 0.0s done
#8 exporting attestation manifest sha256:99c38fd521eb640a9935398184abde820471596357f646d19bf54e971a021a2a
#8 exporting attestation manifest sha256:99c38fd521eb640a9935398184abde820471596357f646d19bf54e971a021a2a 0.1s done
#8 exporting manifest list sha256:ea4d730b3397d71c3020c9bce6e6eac45ee2a31d6f7334141ca340cf54a713e6 0.0s done
#8 naming to docker.io/library/code-generation-eval:case001
#8 naming to docker.io/library/code-generation-eval:case001 done
#8 unpacking to docker.io/library/code-generation-eval:case001 0.1s done
#8 DONE 0.5s

View build details: docker-desktop://dashboard/build/desktop-linux/desktop-linux/9r4nltexll3u60ee4sphs5ngy
